BEGIN;
CREATE EXTENSION device_type VERSION '0.0.1';
ALTER EXTENSION device_type UPDATE TO '1.0.0';
ALTER EXTENSION device_type UPDATE TO '0.0.1';
ROLLBACK;
