BEGIN;
CREATE EXTENSION device_type;
SELECT 'phone'::device_type > 'ipod'::device_type;
 ?column? 
----------
 t
(1 row)

SELECT 'phone'::device_type >= 'ipod'::device_type;
 ?column? 
----------
 t
(1 row)

SELECT 'ipod'::device_type < 'pc'::device_type;
 ?column? 
----------
 t
(1 row)

SELECT NOT('phone'::device_type < 'ipod'::device_type);
 ?column? 
----------
 t
(1 row)

SELECT NOT('phone'::device_type <= 'ipod'::device_type);
 ?column? 
----------
 t
(1 row)

ROLLBACK;
BEGIN;
CREATE EXTENSION device_type;
SELECT 'phone'::device_type > 'ipod'::device_type;
 ?column? 
----------
 t
(1 row)

SELECT 'phone'::device_type >= 'ipod'::device_type;
 ?column? 
----------
 t
(1 row)

SELECT NOT('phone'::device_type < 'ipod'::device_type);
 ?column? 
----------
 t
(1 row)

SELECT NOT('phone'::device_type <= 'ipod'::device_type);
 ?column? 
----------
 t
(1 row)

ROLLBACK;
BEGIN;
CREATE EXTENSION device_type;
SELECT NOT('phone'::device_type = 'ipod'::device_type);
 ?column? 
----------
 t
(1 row)

SELECT 'ipod'::device_type = 'ipod'::device_type;
 ?column? 
----------
 t
(1 row)

ROLLBACK;
BEGIN;
CREATE EXTENSION device_type;
SELECT 'phone'::device_type != 'ipod'::device_type;
 ?column? 
----------
 t
(1 row)

SELECT NOT('ipod'::device_type != 'ipod'::device_type);
 ?column? 
----------
 t
(1 row)

ROLLBACK;
